// Jest Snapshot v1, https://goo.gl/fbAQLP

exports[`Header 样式发生改变时，提示 1`] = `
<div class="header">
  <div class="header-content">
    TodoList
    <input data-test="input" placeholder="请输入待办事项..." class="header-input">
  </div>
</div>
`;

exports[`Header 组件 样式发生改变时，需要做提示 1`] = `
<div class="header">
  <div class="header-content">
    TodoList
    <input data-test="input" placeholder="请输入待办事项..." class="header-input">
  </div>
</div>
`;
