// Jest Snapshot v1, https://goo.gl/fbAQLP

exports[`测试 HelloWorld 组件 组件渲染正常 1`] = `
<div class="hello">
  <h1 class="mmm abc">wang qiaoling</h1>
</div>
`;
